test_article_contract (test_articles.ArticleApiTests.test_article_contract) ... 2026-10-06 20:12:07,087 INFO sqlalchemy.engine.Engine SELECT DATABASE()
2026-10-06 20:12:07,087 INFO sqlalchemy.engine.Engine [raw sql] ()
2026-10-06 20:12:07,089 INFO sqlalchemy.engine.Engine SELECT @@sql_mode
2026-10-06 20:12:07,089 INFO sqlalchemy.engine.Engine [raw sql] ()
2026-10-06 20:12:07,089 INFO sqlalchemy.engine.Engine SELECT @@lower_case_table_names
2026-10-06 20:12:07,089 INFO sqlalchemy.engine.Engine [raw sql] ()
2026-10-06 20:12:07,091 INFO sqlalchemy.engine.Engine BEGIN (implicit)
2026-10-06 20:12:07,091 INFO sqlalchemy.engine.Engine DESCRIBE `sqlalchemy_demo`.`articles`
2026-10-06 20:12:07,091 INFO sqlalchemy.engine.Engine [raw sql] ()
2026-10-06 20:12:07,094 INFO sqlalchemy.engine.Engine COMMIT
2026-10-06 20:12:07,103 INFO sqlalchemy.engine.Engine BEGIN (implicit)
2026-10-06 20:12:07,105 INFO sqlalchemy.engine.Engine SELECT count(articles.id) AS count_1 
FROM articles
2026-10-06 20:12:07,105 INFO sqlalchemy.engine.Engine [generated in 0.00016s] ()
2026-10-06 20:12:07,108 INFO sqlalchemy.engine.Engine ROLLBACK
2026-10-06 20:12:07,119 INFO sqlalchemy.engine.Engine BEGIN (implicit)
2026-10-06 20:12:07,120 INFO sqlalchemy.engine.Engine INSERT INTO articles (title, author, create_time, update_time) VALUES (%s, %s, now(), now())
2026-10-06 20:12:07,120 INFO sqlalchemy.engine.Engine [generated in 0.00019s] ('refactor_8694f52b3b6943e0b338eb018aed27d4%_ target', '测试作者')
2026-10-06 20:12:07,123 INFO sqlalchemy.engine.Engine COMMIT
2026-10-06 20:12:07,128 INFO sqlalchemy.engine.Engine BEGIN (implicit)
2026-10-06 20:12:07,130 INFO sqlalchemy.engine.Engine SELECT articles.id, articles.title, articles.author, articles.create_time, articles.update_time 
FROM articles 
WHERE articles.id = %s
2026-10-06 20:12:07,130 INFO sqlalchemy.engine.Engine [generated in 0.00014s] (38,)
2026-10-06 20:12:07,131 INFO sqlalchemy.engine.Engine ROLLBACK
2026-10-06 20:12:07,134 INFO sqlalchemy.engine.Engine BEGIN (implicit)
2026-10-06 20:12:07,134 INFO sqlalchemy.engine.Engine SELECT articles.id AS articles_id, articles.title AS articles_title, articles.author AS articles_author, articles.create_time AS articles_create_time, articles.update_time AS articles_update_time 
FROM articles 
WHERE articles.id = %s
2026-10-06 20:12:07,134 INFO sqlalchemy.engine.Engine [generated in 0.00012s] (38,)
2026-10-06 20:12:07,136 INFO sqlalchemy.engine.Engine ROLLBACK
2026-10-06 20:12:07,138 INFO sqlalchemy.engine.Engine BEGIN (implicit)
2026-10-06 20:12:07,138 INFO sqlalchemy.engine.Engine INSERT INTO articles (title, author, create_time, update_time) VALUES (%s, %s, now(), now())
2026-10-06 20:12:07,138 INFO sqlalchemy.engine.Engine [cached since 0.01774s ago] ('refactor_8694f52b3b6943e0b338eb018aed27d4XY target', '测试作者')
2026-10-06 20:12:07,139 INFO sqlalchemy.engine.Engine COMMIT
2026-10-06 20:12:07,142 INFO sqlalchemy.engine.Engine BEGIN (implicit)
2026-10-06 20:12:07,143 INFO sqlalchemy.engine.Engine SELECT articles.id, articles.title, articles.author, articles.create_time, articles.update_time 
FROM articles 
WHERE articles.id = %s
2026-10-06 20:12:07,143 INFO sqlalchemy.engine.Engine [cached since 0.01312s ago] (39,)
2026-10-06 20:12:07,144 INFO sqlalchemy.engine.Engine ROLLBACK
2026-10-06 20:12:07,146 INFO sqlalchemy.engine.Engine BEGIN (implicit)
2026-10-06 20:12:07,146 INFO sqlalchemy.engine.Engine SELECT articles.id AS articles_id, articles.title AS articles_title, articles.author AS articles_author, articles.create_time AS articles_create_time, articles.update_time AS articles_update_time 
FROM articles 
WHERE articles.id = %s
2026-10-06 20:12:07,146 INFO sqlalchemy.engine.Engine [cached since 0.01157s ago] (39,)
2026-10-06 20:12:07,147 INFO sqlalchemy.engine.Engine ROLLBACK
2026-10-06 20:12:07,149 INFO sqlalchemy.engine.Engine BEGIN (implicit)
2026-10-06 20:12:07,149 INFO sqlalchemy.engine.Engine SELECT count(articles.id) AS count_1 
FROM articles
2026-10-06 20:12:07,149 INFO sqlalchemy.engine.Engine [cached since 0.04431s ago] ()
2026-10-06 20:12:07,151 INFO sqlalchemy.engine.Engine ROLLBACK
2026-10-06 20:12:07,153 INFO sqlalchemy.engine.Engine BEGIN (implicit)
2026-10-06 20:12:07,153 INFO sqlalchemy.engine.Engine SELECT articles.id AS articles_id, articles.title AS articles_title, articles.author AS articles_author, articles.create_time AS articles_create_time, articles.update_time AS articles_update_time 
FROM articles 
WHERE articles.id = %s
2026-10-06 20:12:07,153 INFO sqlalchemy.engine.Engine [cached since 0.0187s ago] (38,)
2026-10-06 20:12:07,154 INFO sqlalchemy.engine.Engine ROLLBACK
2026-10-06 20:12:07,156 INFO sqlalchemy.engine.Engine BEGIN (implicit)
2026-10-06 20:12:07,156 INFO sqlalchemy.engine.Engine SELECT articles.id, articles.title, articles.author, articles.create_time, articles.update_time 
FROM articles ORDER BY articles.id 
 LIMIT %s, %s
2026-10-06 20:12:07,156 INFO sqlalchemy.engine.Engine [generated in 0.00012s] (0, 1)
2026-10-06 20:12:07,157 INFO sqlalchemy.engine.Engine ROLLBACK
2026-10-06 20:12:07,160 INFO sqlalchemy.engine.Engine BEGIN (implicit)
2026-10-06 20:12:07,160 INFO sqlalchemy.engine.Engine SELECT articles.id, articles.title, articles.author, articles.create_time, articles.update_time 
FROM articles 
WHERE (articles.title LIKE concat('%%', %s, '%%') ESCAPE '/') ORDER BY articles.id 
 LIMIT %s
2026-10-06 20:12:07,160 INFO sqlalchemy.engine.Engine [generated in 0.00011s] ('refactor/_8694f52b3b6943e0b338eb018aed27d4/%/_', 10)
2026-10-06 20:12:07,161 INFO sqlalchemy.engine.Engine ROLLBACK
2026-10-06 20:12:07,179 INFO sqlalchemy.engine.Engine BEGIN (implicit)
2026-10-06 20:12:07,179 INFO sqlalchemy.engine.Engine SELECT articles.id AS articles_id, articles.title AS articles_title, articles.author AS articles_author, articles.create_time AS articles_create_time, articles.update_time AS articles_update_time 
FROM articles 
WHERE articles.id = %s
2026-10-06 20:12:07,180 INFO sqlalchemy.engine.Engine [cached since 0.04528s ago] (38,)
2026-10-06 20:12:07,181 INFO sqlalchemy.engine.Engine ROLLBACK
2026-10-06 20:12:07,183 INFO sqlalchemy.engine.Engine BEGIN (implicit)
2026-10-06 20:12:07,183 INFO sqlalchemy.engine.Engine SELECT articles.id AS articles_id, articles.title AS articles_title, articles.author AS articles_author, articles.create_time AS articles_create_time, articles.update_time AS articles_update_time 
FROM articles 
WHERE articles.id = %s
2026-10-06 20:12:07,183 INFO sqlalchemy.engine.Engine [cached since 0.04876s ago] (38,)
2026-10-06 20:12:07,185 INFO sqlalchemy.engine.Engine UPDATE articles SET title=%s, author=%s, update_time=%s WHERE articles.id = %s
2026-10-06 20:12:07,185 INFO sqlalchemy.engine.Engine [generated in 0.00015s] ('refactor_8694f52b3b6943e0b338eb018aed27d4 updated', '新作者', datetime.datetime(2026, 10, 6, 20, 12, 7, 185210), 38)
2026-10-06 20:12:07,186 INFO sqlalchemy.engine.Engine COMMIT
2026-10-06 20:12:07,191 INFO sqlalchemy.engine.Engine BEGIN (implicit)
2026-10-06 20:12:07,191 INFO sqlalchemy.engine.Engine SELECT articles.id, articles.title, articles.author, articles.create_time, articles.update_time 
FROM articles 
WHERE articles.id = %s
2026-10-06 20:12:07,191 INFO sqlalchemy.engine.Engine [cached since 0.06166s ago] (38,)
2026-10-06 20:12:07,192 INFO sqlalchemy.engine.Engine ROLLBACK
2026-10-06 20:12:07,194 INFO sqlalchemy.engine.Engine BEGIN (implicit)
2026-10-06 20:12:07,194 INFO sqlalchemy.engine.Engine SELECT articles.id AS articles_id, articles.title AS articles_title, articles.author AS articles_author, articles.create_time AS articles_create_time, articles.update_time AS articles_update_time 
FROM articles 
WHERE articles.id = %s
2026-10-06 20:12:07,194 INFO sqlalchemy.engine.Engine [cached since 0.06018s ago] (38,)
2026-10-06 20:12:07,195 INFO sqlalchemy.engine.Engine ROLLBACK
2026-10-06 20:12:07,197 INFO sqlalchemy.engine.Engine BEGIN (implicit)
2026-10-06 20:12:07,197 INFO sqlalchemy.engine.Engine SELECT articles.id AS articles_id, articles.title AS articles_title, articles.author AS articles_author, articles.create_time AS articles_create_time, articles.update_time AS articles_update_time 
FROM articles 
WHERE articles.id = %s
2026-10-06 20:12:07,197 INFO sqlalchemy.engine.Engine [cached since 0.06322s ago] (38,)
2026-10-06 20:12:07,199 INFO sqlalchemy.engine.Engine DELETE FROM articles WHERE articles.id = %s
2026-10-06 20:12:07,199 INFO sqlalchemy.engine.Engine [generated in 0.00012s] (38,)
2026-10-06 20:12:07,200 INFO sqlalchemy.engine.Engine COMMIT
2026-10-06 20:12:07,206 INFO sqlalchemy.engine.Engine BEGIN (implicit)
2026-10-06 20:12:07,206 INFO sqlalchemy.engine.Engine SELECT count(articles.id) AS count_1 
FROM articles
2026-10-06 20:12:07,206 INFO sqlalchemy.engine.Engine [cached since 0.1014s ago] ()
2026-10-06 20:12:07,208 INFO sqlalchemy.engine.Engine ROLLBACK
2026-10-06 20:12:07,210 INFO sqlalchemy.engine.Engine BEGIN (implicit)
2026-10-06 20:12:07,210 INFO sqlalchemy.engine.Engine SELECT articles.id AS articles_id, articles.title AS articles_title, articles.author AS articles_author, articles.create_time AS articles_create_time, articles.update_time AS articles_update_time 
FROM articles 
WHERE articles.id = %s
2026-10-06 20:12:07,210 INFO sqlalchemy.engine.Engine [cached since 0.0759s ago] (38,)
2026-10-06 20:12:07,211 INFO sqlalchemy.engine.Engine ROLLBACK
2026-10-06 20:12:07,214 INFO sqlalchemy.engine.Engine BEGIN (implicit)
2026-10-06 20:12:07,214 INFO sqlalchemy.engine.Engine SELECT articles.id AS articles_id, articles.title AS articles_title, articles.author AS articles_author, articles.create_time AS articles_create_time, articles.update_time AS articles_update_time 
FROM articles 
WHERE articles.id = %s
2026-10-06 20:12:07,214 INFO sqlalchemy.engine.Engine [cached since 0.07955s ago] (38,)
2026-10-06 20:12:07,215 INFO sqlalchemy.engine.Engine ROLLBACK
2026-10-06 20:12:07,216 INFO sqlalchemy.engine.Engine BEGIN (implicit)
2026-10-06 20:12:07,217 INFO sqlalchemy.engine.Engine SELECT articles.id AS articles_id, articles.title AS articles_title, articles.author AS articles_author, articles.create_time AS articles_create_time, articles.update_time AS articles_update_time 
FROM articles 
WHERE articles.id = %s
2026-10-06 20:12:07,217 INFO sqlalchemy.engine.Engine [cached since 0.08235s ago] (38,)
2026-10-06 20:12:07,217 INFO sqlalchemy.engine.Engine ROLLBACK
2026-10-06 20:12:07,219 INFO sqlalchemy.engine.Engine BEGIN (implicit)
2026-10-06 20:12:07,219 INFO sqlalchemy.engine.Engine SELECT articles.id AS articles_id, articles.title AS articles_title, articles.author AS articles_author, articles.create_time AS articles_create_time, articles.update_time AS articles_update_time 
FROM articles 
WHERE articles.id = %s
2026-10-06 20:12:07,219 INFO sqlalchemy.engine.Engine [cached since 0.08514s ago] (38,)
2026-10-06 20:12:07,220 INFO sqlalchemy.engine.Engine ROLLBACK
2026-10-06 20:12:07,222 INFO sqlalchemy.engine.Engine BEGIN (implicit)
2026-10-06 20:12:07,222 INFO sqlalchemy.engine.Engine SELECT articles.id AS articles_id, articles.title AS articles_title, articles.author AS articles_author, articles.create_time AS articles_create_time, articles.update_time AS articles_update_time 
FROM articles 
WHERE articles.id = %s
2026-10-06 20:12:07,222 INFO sqlalchemy.engine.Engine [cached since 0.08774s ago] (39,)
2026-10-06 20:12:07,223 INFO sqlalchemy.engine.Engine DELETE FROM articles WHERE articles.id = %s
2026-10-06 20:12:07,223 INFO sqlalchemy.engine.Engine [cached since 0.02419s ago] (39,)
2026-10-06 20:12:07,224 INFO sqlalchemy.engine.Engine COMMIT
2026-10-06 20:12:07,229 INFO sqlalchemy.engine.Engine BEGIN (implicit)
2026-10-06 20:12:07,229 INFO sqlalchemy.engine.Engine SELECT count(articles.id) AS count_1 
FROM articles
2026-10-06 20:12:07,229 INFO sqlalchemy.engine.Engine [cached since 0.1249s ago] ()
2026-10-06 20:12:07,231 INFO sqlalchemy.engine.Engine ROLLBACK
ok

----------------------------------------------------------------------
Ran 1 test in 0.173s

OK
