2026-10-06 20:06:28,740 INFO sqlalchemy.engine.Engine SELECT DATABASE()
2026-10-06 20:06:28,740 INFO sqlalchemy.engine.Engine [raw sql] ()
2026-10-06 20:06:28,741 INFO sqlalchemy.engine.Engine SELECT @@sql_mode
2026-10-06 20:06:28,741 INFO sqlalchemy.engine.Engine [raw sql] ()
2026-10-06 20:06:28,742 INFO sqlalchemy.engine.Engine SELECT @@lower_case_table_names
2026-10-06 20:06:28,742 INFO sqlalchemy.engine.Engine [raw sql] ()
2026-10-06 20:06:28,743 INFO sqlalchemy.engine.Engine BEGIN (implicit)
2026-10-06 20:06:28,744 INFO sqlalchemy.engine.Engine DESCRIBE `sqlalchemy_demo`.`articles`
2026-10-06 20:06:28,744 INFO sqlalchemy.engine.Engine [raw sql] ()
2026-10-06 20:06:28,756 INFO sqlalchemy.engine.Engine COMMIT
2026-10-06 20:06:28,759 INFO sqlalchemy.engine.Engine BEGIN (implicit)
2026-10-06 20:06:28,760 INFO sqlalchemy.engine.Engine SELECT articles.title, articles.author 
FROM articles 
WHERE articles.title IN (%s, %s, %s, %s, %s, %s, %s, %s, %s, %s, %s, %s, %s, %s, %s, %s, %s, %s, %s, %s, %s, %s, %s, %s, %s, %s, %s, %s, %s, %s)
2026-10-06 20:06:28,760 INFO sqlalchemy.engine.Engine [generated in 0.00021s] ('[测试] FastAPI 入门：创建第一个接口', '[测试] FastAPI 路径参数与查询参数', '[测试] FastAPI 请求体验证与 422 响应', '[测试] FastAPI Depends 与数据库会话', '[测试] FastAPI lifespan 生命周期管理', '[测试] FastAPI 自动文档与 OpenAPI', '[测试] SQLAlchemy ORM 模型与表映射', '[测试] SQLAlchemy 新增文章与事务提交', '[测试] SQLAlchemy 主键查询与 404 响应', '[测试] SQLAlchemy 分页与稳定排序', '[测试] SQLAlchemy 更新文章与更新时间', '[测试] SQLAlchemy 删除文章与事务回滚', '[测试] MySQL 字符集与中文存储', '[测试] MySQL 索引与查询性能', '[测试] MySQL 连接池基础', '[测试] MySQL 创建时间与默认值', '[测试] MySQL 数据备份入门', '[测试] MySQL 数据库迁移与表结构调整', '[测试] Python 异步编程与 await', '[测试] Python 类型标注与 AsyncGenerator', '[测试] Python 上下文管理器与资源释放', '[测试] Python 项目结构与包导入', '[测试] Python Pydantic 请求与响应模型', '[测试] Python unittest 接口回归测试', '[测试] 中文搜索：文章管理系统', '[测试] 中文搜索：数据库学习笔记', '[测试] 特殊字符搜索：进度 100%', '[测试] 特殊字符搜索：article_api 与 user_name', '[测试] 中英文混合：FastAPI 与 ORM 实践', '[测试] 标点搜索：《文章管理》——学习记录')
2026-10-06 20:06:28,764 INFO sqlalchemy.engine.Engine INSERT INTO articles (title, author, create_time, update_time) VALUES (%s, %s, now(), now())
2026-10-06 20:06:28,764 INFO sqlalchemy.engine.Engine [generated in 0.00014s] ('[测试] FastAPI 入门：创建第一个接口', '张三')
2026-10-06 20:06:28,768 INFO sqlalchemy.engine.Engine INSERT INTO articles (title, author, create_time, update_time) VALUES (%s, %s, now(), now())
2026-10-06 20:06:28,768 INFO sqlalchemy.engine.Engine [cached since 0.003715s ago] ('[测试] FastAPI 路径参数与查询参数', '李四')
2026-10-06 20:06:28,769 INFO sqlalchemy.engine.Engine INSERT INTO articles (title, author, create_time, update_time) VALUES (%s, %s, now(), now())
2026-10-06 20:06:28,769 INFO sqlalchemy.engine.Engine [cached since 0.004637s ago] ('[测试] FastAPI 请求体验证与 422 响应', '王五')
2026-10-06 20:06:28,769 INFO sqlalchemy.engine.Engine INSERT INTO articles (title, author, create_time, update_time) VALUES (%s, %s, now(), now())
2026-10-06 20:06:28,769 INFO sqlalchemy.engine.Engine [cached since 0.005444s ago] ('[测试] FastAPI Depends 与数据库会话', '赵六')
2026-10-06 20:06:28,770 INFO sqlalchemy.engine.Engine INSERT INTO articles (title, author, create_time, update_time) VALUES (%s, %s, now(), now())
2026-10-06 20:06:28,770 INFO sqlalchemy.engine.Engine [cached since 0.006148s ago] ('[测试] FastAPI lifespan 生命周期管理', '陈晨')
2026-10-06 20:06:28,771 INFO sqlalchemy.engine.Engine INSERT INTO articles (title, author, create_time, update_time) VALUES (%s, %s, now(), now())
2026-10-06 20:06:28,771 INFO sqlalchemy.engine.Engine [cached since 0.00684s ago] ('[测试] FastAPI 自动文档与 OpenAPI', '林晓')
2026-10-06 20:06:28,771 INFO sqlalchemy.engine.Engine INSERT INTO articles (title, author, create_time, update_time) VALUES (%s, %s, now(), now())
2026-10-06 20:06:28,772 INFO sqlalchemy.engine.Engine [cached since 0.007503s ago] ('[测试] SQLAlchemy ORM 模型与表映射', '张三')
2026-10-06 20:06:28,772 INFO sqlalchemy.engine.Engine INSERT INTO articles (title, author, create_time, update_time) VALUES (%s, %s, now(), now())
2026-10-06 20:06:28,772 INFO sqlalchemy.engine.Engine [cached since 0.00832s ago] ('[测试] SQLAlchemy 新增文章与事务提交', '李四')
2026-10-06 20:06:28,773 INFO sqlalchemy.engine.Engine INSERT INTO articles (title, author, create_time, update_time) VALUES (%s, %s, now(), now())
2026-10-06 20:06:28,773 INFO sqlalchemy.engine.Engine [cached since 0.009081s ago] ('[测试] SQLAlchemy 主键查询与 404 响应', '王五')
2026-10-06 20:06:28,774 INFO sqlalchemy.engine.Engine INSERT INTO articles (title, author, create_time, update_time) VALUES (%s, %s, now(), now())
2026-10-06 20:06:28,774 INFO sqlalchemy.engine.Engine [cached since 0.009757s ago] ('[测试] SQLAlchemy 分页与稳定排序', '赵六')
2026-10-06 20:06:28,774 INFO sqlalchemy.engine.Engine INSERT INTO articles (title, author, create_time, update_time) VALUES (%s, %s, now(), now())
2026-10-06 20:06:28,774 INFO sqlalchemy.engine.Engine [cached since 0.01042s ago] ('[测试] SQLAlchemy 更新文章与更新时间', '陈晨')
2026-10-06 20:06:28,775 INFO sqlalchemy.engine.Engine INSERT INTO articles (title, author, create_time, update_time) VALUES (%s, %s, now(), now())
2026-10-06 20:06:28,775 INFO sqlalchemy.engine.Engine [cached since 0.01105s ago] ('[测试] SQLAlchemy 删除文章与事务回滚', '林晓')
2026-10-06 20:06:28,776 INFO sqlalchemy.engine.Engine INSERT INTO articles (title, author, create_time, update_time) VALUES (%s, %s, now(), now())
2026-10-06 20:06:28,776 INFO sqlalchemy.engine.Engine [cached since 0.01162s ago] ('[测试] MySQL 字符集与中文存储', '张三')
2026-10-06 20:06:28,776 INFO sqlalchemy.engine.Engine INSERT INTO articles (title, author, create_time, update_time) VALUES (%s, %s, now(), now())
2026-10-06 20:06:28,776 INFO sqlalchemy.engine.Engine [cached since 0.01225s ago] ('[测试] MySQL 索引与查询性能', '李四')
2026-10-06 20:06:28,777 INFO sqlalchemy.engine.Engine INSERT INTO articles (title, author, create_time, update_time) VALUES (%s, %s, now(), now())
2026-10-06 20:06:28,777 INFO sqlalchemy.engine.Engine [cached since 0.01284s ago] ('[测试] MySQL 连接池基础', '王五')
2026-10-06 20:06:28,777 INFO sqlalchemy.engine.Engine INSERT INTO articles (title, author, create_time, update_time) VALUES (%s, %s, now(), now())
2026-10-06 20:06:28,777 INFO sqlalchemy.engine.Engine [cached since 0.01344s ago] ('[测试] MySQL 创建时间与默认值', '赵六')
2026-10-06 20:06:28,778 INFO sqlalchemy.engine.Engine INSERT INTO articles (title, author, create_time, update_time) VALUES (%s, %s, now(), now())
2026-10-06 20:06:28,778 INFO sqlalchemy.engine.Engine [cached since 0.01401s ago] ('[测试] MySQL 数据备份入门', '陈晨')
2026-10-06 20:06:28,779 INFO sqlalchemy.engine.Engine INSERT INTO articles (title, author, create_time, update_time) VALUES (%s, %s, now(), now())
2026-10-06 20:06:28,779 INFO sqlalchemy.engine.Engine [cached since 0.01458s ago] ('[测试] MySQL 数据库迁移与表结构调整', '林晓')
2026-10-06 20:06:28,779 INFO sqlalchemy.engine.Engine INSERT INTO articles (title, author, create_time, update_time) VALUES (%s, %s, now(), now())
2026-10-06 20:06:28,779 INFO sqlalchemy.engine.Engine [cached since 0.01519s ago] ('[测试] Python 异步编程与 await', '张三')
2026-10-06 20:06:28,780 INFO sqlalchemy.engine.Engine INSERT INTO articles (title, author, create_time, update_time) VALUES (%s, %s, now(), now())
2026-10-06 20:06:28,780 INFO sqlalchemy.engine.Engine [cached since 0.01579s ago] ('[测试] Python 类型标注与 AsyncGenerator', '李四')
2026-10-06 20:06:28,780 INFO sqlalchemy.engine.Engine INSERT INTO articles (title, author, create_time, update_time) VALUES (%s, %s, now(), now())
2026-10-06 20:06:28,780 INFO sqlalchemy.engine.Engine [cached since 0.0163s ago] ('[测试] Python 上下文管理器与资源释放', '王五')
2026-10-06 20:06:28,781 INFO sqlalchemy.engine.Engine INSERT INTO articles (title, author, create_time, update_time) VALUES (%s, %s, now(), now())
2026-10-06 20:06:28,781 INFO sqlalchemy.engine.Engine [cached since 0.01695s ago] ('[测试] Python 项目结构与包导入', '赵六')
2026-10-06 20:06:28,782 INFO sqlalchemy.engine.Engine INSERT INTO articles (title, author, create_time, update_time) VALUES (%s, %s, now(), now())
2026-10-06 20:06:28,782 INFO sqlalchemy.engine.Engine [cached since 0.01755s ago] ('[测试] Python Pydantic 请求与响应模型', '陈晨')
2026-10-06 20:06:28,782 INFO sqlalchemy.engine.Engine INSERT INTO articles (title, author, create_time, update_time) VALUES (%s, %s, now(), now())
2026-10-06 20:06:28,782 INFO sqlalchemy.engine.Engine [cached since 0.0182s ago] ('[测试] Python unittest 接口回归测试', '林晓')
2026-10-06 20:06:28,783 INFO sqlalchemy.engine.Engine INSERT INTO articles (title, author, create_time, update_time) VALUES (%s, %s, now(), now())
2026-10-06 20:06:28,783 INFO sqlalchemy.engine.Engine [cached since 0.01886s ago] ('[测试] 中文搜索：文章管理系统', '张三')
2026-10-06 20:06:28,783 INFO sqlalchemy.engine.Engine INSERT INTO articles (title, author, create_time, update_time) VALUES (%s, %s, now(), now())
2026-10-06 20:06:28,784 INFO sqlalchemy.engine.Engine [cached since 0.01951s ago] ('[测试] 中文搜索：数据库学习笔记', '李四')
2026-10-06 20:06:28,784 INFO sqlalchemy.engine.Engine INSERT INTO articles (title, author, create_time, update_time) VALUES (%s, %s, now(), now())
2026-10-06 20:06:28,784 INFO sqlalchemy.engine.Engine [cached since 0.02013s ago] ('[测试] 特殊字符搜索：进度 100%', '王五')
2026-10-06 20:06:28,785 INFO sqlalchemy.engine.Engine INSERT INTO articles (title, author, create_time, update_time) VALUES (%s, %s, now(), now())
2026-10-06 20:06:28,785 INFO sqlalchemy.engine.Engine [cached since 0.0207s ago] ('[测试] 特殊字符搜索：article_api 与 user_name', '赵六')
2026-10-06 20:06:28,785 INFO sqlalchemy.engine.Engine INSERT INTO articles (title, author, create_time, update_time) VALUES (%s, %s, now(), now())
2026-10-06 20:06:28,785 INFO sqlalchemy.engine.Engine [cached since 0.02129s ago] ('[测试] 中英文混合：FastAPI 与 ORM 实践', '陈晨')
2026-10-06 20:06:28,786 INFO sqlalchemy.engine.Engine INSERT INTO articles (title, author, create_time, update_time) VALUES (%s, %s, now(), now())
2026-10-06 20:06:28,786 INFO sqlalchemy.engine.Engine [cached since 0.02196s ago] ('[测试] 标点搜索：《文章管理》——学习记录', '林晓')
2026-10-06 20:06:28,787 INFO sqlalchemy.engine.Engine COMMIT
测试数据生成完成：新增 30 篇，已有样例 0 篇。
