INFO:     Started server process [9368]
INFO:     Waiting for application startup.
2026-10-06 17:51:21,795 INFO sqlalchemy.engine.Engine SELECT DATABASE()
2026-10-06 17:51:21,795 INFO sqlalchemy.engine.Engine [raw sql] ()
2026-10-06 17:51:21,796 INFO sqlalchemy.engine.Engine SELECT @@sql_mode
2026-10-06 17:51:21,796 INFO sqlalchemy.engine.Engine [raw sql] ()
2026-10-06 17:51:21,797 INFO sqlalchemy.engine.Engine SELECT @@lower_case_table_names
2026-10-06 17:51:21,797 INFO sqlalchemy.engine.Engine [raw sql] ()
2026-10-06 17:51:21,798 INFO sqlalchemy.engine.Engine BEGIN (implicit)
2026-10-06 17:51:21,798 INFO sqlalchemy.engine.Engine DESCRIBE `sqlalchemy_demo`.`articles`
2026-10-06 17:51:21,799 INFO sqlalchemy.engine.Engine [raw sql] ()
2026-10-06 17:51:21,800 INFO sqlalchemy.engine.Engine COMMIT
INFO:     Application startup complete.
INFO:     Uvicorn running on http://127.0.0.1:57306 (Press CTRL+C to quit)
INFO:     127.0.0.1:57307 - "GET / HTTP/1.1" 200 OK
INFO:     127.0.0.1:57307 - "GET /docs HTTP/1.1" 200 OK
2026-10-06 17:51:22,249 INFO sqlalchemy.engine.Engine BEGIN (implicit)
2026-10-06 17:51:22,250 INFO sqlalchemy.engine.Engine INSERT INTO articles (title, author, create_time, update_time) VALUES (%s, %s, now(), now())
2026-10-06 17:51:22,250 INFO sqlalchemy.engine.Engine [generated in 0.00018s] ('http_refactor_c2c113f9ca234128b584ae6d1c65587d', 'HTTP check')
2026-10-06 17:51:22,251 INFO sqlalchemy.engine.Engine COMMIT
2026-10-06 17:51:22,256 INFO sqlalchemy.engine.Engine BEGIN (implicit)
2026-10-06 17:51:22,258 INFO sqlalchemy.engine.Engine SELECT articles.id, articles.title, articles.author, articles.create_time, articles.update_time 
FROM articles 
WHERE articles.id = %s
2026-10-06 17:51:22,258 INFO sqlalchemy.engine.Engine [generated in 0.00019s] (4,)
INFO:     127.0.0.1:57307 - "POST /articles HTTP/1.1" 201 Created
2026-10-06 17:51:22,260 INFO sqlalchemy.engine.Engine ROLLBACK
2026-10-06 17:51:22,266 INFO sqlalchemy.engine.Engine BEGIN (implicit)
2026-10-06 17:51:22,267 INFO sqlalchemy.engine.Engine SELECT articles.id AS articles_id, articles.title AS articles_title, articles.author AS articles_author, articles.create_time AS articles_create_time, articles.update_time AS articles_update_time 
FROM articles 
WHERE articles.id = %s
2026-10-06 17:51:22,267 INFO sqlalchemy.engine.Engine [generated in 0.00014s] (4,)
INFO:     127.0.0.1:57307 - "GET /articles/4 HTTP/1.1" 200 OK
2026-10-06 17:51:22,269 INFO sqlalchemy.engine.Engine ROLLBACK
2026-10-06 17:51:22,270 INFO sqlalchemy.engine.Engine BEGIN (implicit)
2026-10-06 17:51:22,270 INFO sqlalchemy.engine.Engine SELECT articles.id AS articles_id, articles.title AS articles_title, articles.author AS articles_author, articles.create_time AS articles_create_time, articles.update_time AS articles_update_time 
FROM articles 
WHERE articles.id = %s
2026-10-06 17:51:22,271 INFO sqlalchemy.engine.Engine [cached since 0.003584s ago] (4,)
2026-10-06 17:51:22,273 INFO sqlalchemy.engine.Engine UPDATE articles SET title=%s, update_time=%s WHERE articles.id = %s
2026-10-06 17:51:22,273 INFO sqlalchemy.engine.Engine [generated in 0.00021s] ('HTTP refactor updated', datetime.datetime(2026, 10, 6, 17, 51, 22, 273261), 4)
2026-10-06 17:51:22,274 INFO sqlalchemy.engine.Engine COMMIT
2026-10-06 17:51:22,278 INFO sqlalchemy.engine.Engine BEGIN (implicit)
2026-10-06 17:51:22,278 INFO sqlalchemy.engine.Engine SELECT articles.id, articles.title, articles.author, articles.create_time, articles.update_time 
FROM articles 
WHERE articles.id = %s
2026-10-06 17:51:22,279 INFO sqlalchemy.engine.Engine [cached since 0.02054s ago] (4,)
INFO:     127.0.0.1:57307 - "PUT /articles/4 HTTP/1.1" 200 OK
2026-10-06 17:51:22,280 INFO sqlalchemy.engine.Engine ROLLBACK
2026-10-06 17:51:22,281 INFO sqlalchemy.engine.Engine BEGIN (implicit)
2026-10-06 17:51:22,281 INFO sqlalchemy.engine.Engine SELECT articles.id AS articles_id, articles.title AS articles_title, articles.author AS articles_author, articles.create_time AS articles_create_time, articles.update_time AS articles_update_time 
FROM articles 
WHERE articles.id = %s
2026-10-06 17:51:22,281 INFO sqlalchemy.engine.Engine [cached since 0.01437s ago] (4,)
2026-10-06 17:51:22,283 INFO sqlalchemy.engine.Engine DELETE FROM articles WHERE articles.id = %s
2026-10-06 17:51:22,283 INFO sqlalchemy.engine.Engine [generated in 0.00013s] (4,)
2026-10-06 17:51:22,284 INFO sqlalchemy.engine.Engine COMMIT
INFO:     127.0.0.1:57307 - "DELETE /articles/4 HTTP/1.1" 204 No Content
2026-10-06 17:51:22,289 INFO sqlalchemy.engine.Engine BEGIN (implicit)
2026-10-06 17:51:22,290 INFO sqlalchemy.engine.Engine SELECT articles.id AS articles_id, articles.title AS articles_title, articles.author AS articles_author, articles.create_time AS articles_create_time, articles.update_time AS articles_update_time 
FROM articles 
WHERE articles.id = %s
2026-10-06 17:51:22,290 INFO sqlalchemy.engine.Engine [cached since 0.02274s ago] (4,)
2026-10-06 17:51:22,291 INFO sqlalchemy.engine.Engine ROLLBACK
INFO:     127.0.0.1:57307 - "GET /articles/4 HTTP/1.1" 404 Not Found
